test_all_published_metadata (test_aeo.AeoTests.test_all_published_metadata) ... ok
test_home_cards_link_to_published_pages (test_aeo.AeoTests.test_home_cards_link_to_published_pages) ... ok
test_metadata_parser_preserves_duplicates (test_aeo.AeoTests.test_metadata_parser_preserves_duplicates) ... ok
test_summary_gate_rejects_empty_or_uncited_evidence (test_aeo.AeoTests.test_summary_gate_rejects_empty_or_uncited_evidence) ... ok
test_types_are_conservative (test_aeo.AeoTests.test_types_are_conservative) ... ok
test_whole_graph_escapes_hostile_strings (test_aeo.AeoTests.test_whole_graph_escapes_hostile_strings) ... ok
test_archive_bytes_and_provenance (test_anchoring_supersession.AnchoringSupersessionTests.test_archive_bytes_and_provenance) ... ok
test_no_standalone_source_or_public_recommendation (test_anchoring_supersession.AnchoringSupersessionTests.test_no_standalone_source_or_public_recommendation) ... ok
test_accept_is_explicit_and_reject_remains_available (test_consent.ConsentTests.test_accept_is_explicit_and_reject_remains_available) ... ok
test_body_change_is_stale (test_fact_checks.FactCheckTests.test_body_change_is_stale) ... ok
test_cadence_caps_explicit_date (test_fact_checks.FactCheckTests.test_cadence_caps_explicit_date) ... ok
test_cli_bounded_summary_and_validation_exit (test_fact_checks.FactCheckTests.test_cli_bounded_summary_and_validation_exit) ... ok
test_every_published_page_and_unknown_target_rejected (test_fact_checks.FactCheckTests.test_every_published_page_and_unknown_target_rejected) ... ok
test_hash_excludes_only_yaml (test_fact_checks.FactCheckTests.test_hash_excludes_only_yaml) ... ok
test_invalid_dates_and_proof_fail (test_fact_checks.FactCheckTests.test_invalid_dates_and_proof_fail) ... ok
test_missing_empty_malformed_and_duplicate_store (test_fact_checks.FactCheckTests.test_missing_empty_malformed_and_duplicate_store) ... ok
test_oldest_overdue_precedes_newer_and_partial_requires_reason (test_fact_checks.FactCheckTests.test_oldest_overdue_precedes_newer_and_partial_requires_reason) ... ok
test_partial_retry_is_not_fresh_and_is_bounded (test_fact_checks.FactCheckTests.test_partial_retry_is_not_fresh_and_is_bounded) ... ok
test_rank_measurement_then_high_risk_then_evergreen (test_fact_checks.FactCheckTests.test_rank_measurement_then_high_risk_then_evergreen) ... ok
test_unreviewed_never_uses_git_or_metadata (test_fact_checks.FactCheckTests.test_unreviewed_never_uses_git_or_metadata) ... ok
test_every_published_page_including_home_hubs_and_webpages (test_freshness.BuiltFreshnessTests.test_every_published_page_including_home_hubs_and_webpages) ... ok
test_missing_build_fails_closed (test_freshness.BuiltFreshnessTests.test_missing_build_fails_closed) ... ok
test_body_pending_then_committed_and_revert (test_freshness.HistoryTests.test_body_pending_then_committed_and_revert) ... ok
test_frontmatter_template_build_do_not_change_date (test_freshness.HistoryTests.test_frontmatter_template_build_do_not_change_date) ... ok
test_future_and_shallow_fail_closed (test_freshness.HistoryTests.test_future_and_shallow_fail_closed) ... ok
test_legacy_fact_review_states_and_canonical_hash (test_freshness.HistoryTests.test_legacy_fact_review_states_and_canonical_hash) ... ok
test_quality_hook_bound_to_current_body_not_legacy_fact_record (test_freshness.HistoryTests.test_quality_hook_bound_to_current_body_not_legacy_fact_record) ... ok
test_rename_preserves_body_origin (test_freshness.HistoryTests.test_rename_preserves_body_origin) ... ok
test_schema_parity_pending_omits_date (test_freshness.HistoryTests.test_schema_parity_pending_omits_date) ... ok
test_untracked_pending (test_freshness.HistoryTests.test_untracked_pending) ... ok
test_legacy_standalone_stamps_are_rejected (test_freshness.InlineMetadataTests.test_legacy_standalone_stamps_are_rejected) ... ok
test_rendered_template_duplicates_rejected_but_prose_allowed (test_freshness.InlineMetadataTests.test_rendered_template_duplicates_rejected_but_prose_allowed) ... ok
test_source_snapshots_claim_dates_and_examples_remain (test_freshness.InlineMetadataTests.test_source_snapshots_claim_dates_and_examples_remain) ... ok
test_home_never_renders_even_with_current_pass (test_freshness.QualityTemplateTests.test_home_never_renders_even_with_current_pass) ... ok
test_missing_needs_revision_stale_and_nonpass_never_show_dates (test_freshness.QualityTemplateTests.test_missing_needs_revision_stale_and_nonpass_never_show_dates) ... ok
test_passed_quality_is_only_compact_semantic_date (test_freshness.QualityTemplateTests.test_passed_quality_is_only_compact_semantic_date) ... ok
test_archive_bytes_and_no_active_source (test_full_cleanup_20261007.CleanupTests.test_archive_bytes_and_no_active_source) ... ok
test_no_manufactured_training_survey_archive (test_full_cleanup_20261007.CleanupTests.test_no_manufactured_training_survey_archive) ... ok
test_suppressed_topics_absent_from_publication_inputs (test_full_cleanup_20261007.CleanupTests.test_suppressed_topics_absent_from_publication_inputs) ... ok
test_intro_then_existing_framework (test_home.HomeTests.test_intro_then_existing_framework) ... ok
test_aborted_not_first_pass_and_untouched_first (test_quality_checks.QualityTests.test_aborted_not_first_pass_and_untouched_first) ... ok
test_cadence_rolls_30_90_and_no_forced_work (test_quality_checks.QualityTests.test_cadence_rolls_30_90_and_no_forced_work) ... ok
test_cross_page_reference_and_pass_dimension_guard (test_quality_checks.QualityTests.test_cross_page_reference_and_pass_dimension_guard) ... ok
test_current_pass_dirty_body_and_frontmatter (test_quality_checks.QualityTests.test_current_pass_dirty_body_and_frontmatter) ... ok
test_daily_cap_across_reruns_utc_reset (test_quality_checks.QualityTests.test_daily_cap_across_reruns_utc_reset) ... ok
test_empty_bootstrap_homepage_and_no_fact_uplift (test_quality_checks.QualityTests.test_empty_bootstrap_homepage_and_no_fact_uplift) ... ok
test_latest_revision_not_historical_pass (test_quality_checks.QualityTests.test_latest_revision_not_historical_pass) ... ok
test_malformed_nested_values_are_errors_not_attestations (test_quality_checks.QualityTests.test_malformed_nested_values_are_errors_not_attestations) ... ok
test_needs_revision_completes_first_pass_and_rolling (test_quality_checks.QualityTests.test_needs_revision_completes_first_pass_and_rolling) ... ok
test_retry_park_changed_body_and_queue_age (test_quality_checks.QualityTests.test_retry_park_changed_body_and_queue_age) ... ok
test_schema_duplicate_keys_paths_history (test_quality_checks.QualityTests.test_schema_duplicate_keys_paths_history) ... ok
test_sources_not_url_count_and_cross_page_checks (test_quality_checks.QualityTests.test_sources_not_url_count_and_cross_page_checks) ... ok
test_strict_invalid_records_fail_closed (test_quality_checks.QualityTests.test_strict_invalid_records_fail_closed) ... ok
test_rejected_patterns_are_quarantined_not_published (test_reconciliation.ReconciliationTests.test_rejected_patterns_are_quarantined_not_published) ... ok
test_evidence_examples_and_safety_survive_transform (test_recurring_segments.RecurringSegmentsTests.test_evidence_examples_and_safety_survive_transform) ... ok
test_one_canonical_draft_and_archived_standalone (test_recurring_segments.RecurringSegmentsTests.test_one_canonical_draft_and_archived_standalone) ... ok
test_related_links_resolve_in_site_source (test_recurring_segments.RecurringSegmentsTests.test_related_links_resolve_in_site_source) ... ok
test_active_not_scribe_eligible (test_research_pipeline.ResearchTests.test_active_not_scribe_eligible) ... ok
test_aliases_do_not_add_slots (test_research_pipeline.ResearchTests.test_aliases_do_not_add_slots) ... ok
test_duplicate_rejected (test_research_pipeline.ResearchTests.test_duplicate_rejected) ... ok
test_expired_not_assigned (test_research_pipeline.ResearchTests.test_expired_not_assigned) ... ok
test_extension_requires_source (test_research_pipeline.ResearchTests.test_extension_requires_source) ... ok
test_fourth_topic_blocked (test_research_pipeline.ResearchTests.test_fourth_topic_blocked) ... ok
test_free_slot_replenishes_only_scoped_queue (test_research_pipeline.ResearchTests.test_free_slot_replenishes_only_scoped_queue) ... ok
test_holds_excluded (test_research_pipeline.ResearchTests.test_holds_excluded) ... ok
test_independent_alias_running_fails (test_research_pipeline.ResearchTests.test_independent_alias_running_fails) ... ok
test_missing_card_fail_closed (test_research_pipeline.ResearchTests.test_missing_card_fail_closed) ... ok
test_no_source_not_supported_draft (test_research_pipeline.ResearchTests.test_no_source_not_supported_draft) ... ok
test_no_unknown_auto_release (test_research_pipeline.ResearchTests.test_no_unknown_auto_release) ... ok
test_one_extension (test_research_pipeline.ResearchTests.test_one_extension) ... ok
test_owner_hold_cannot_retire (test_research_pipeline.ResearchTests.test_owner_hold_cannot_retire) ... ok
test_queue_finite (test_research_pipeline.ResearchTests.test_queue_finite) ... ok
test_reversible_unsupported_not_false (test_research_pipeline.ResearchTests.test_reversible_unsupported_not_false) ... ok
test_stale_snapshot_fail_closed (test_research_pipeline.ResearchTests.test_stale_snapshot_fail_closed) ... ok
test_supported_proposal_requires_explicit_drafting_release (test_research_pipeline.ResearchTests.test_supported_proposal_requires_explicit_drafting_release) ... ok
test_three_topic_slots (test_research_pipeline.ResearchTests.test_three_topic_slots) ... ok
test_todo_promotion_rejected (test_research_pipeline.ResearchTests.test_todo_promotion_rejected) ... ok
test_actual_retired_source_mechanism (test_scope_preflight.ScopeTests.test_actual_retired_source_mechanism) ... ok
test_all_explicit_blocked_mechanisms (test_scope_preflight.ScopeTests.test_all_explicit_blocked_mechanisms) ... ok
test_archive_hash (test_scope_preflight.ScopeTests.test_archive_hash) ... ok
test_facilitated_peer_retirement_and_duplicate (test_scope_preflight.ScopeTests.test_facilitated_peer_retirement_and_duplicate) ... ok
test_missing_each_field (test_scope_preflight.ScopeTests.test_missing_each_field) ... ok
test_positive_medium_examples (test_scope_preflight.ScopeTests.test_positive_medium_examples) ... ok
test_real_recurring_draft_not_suppressed (test_scope_preflight.ScopeTests.test_real_recurring_draft_not_suppressed) ... ok
test_retired_slug_and_duplicate_ids (test_scope_preflight.ScopeTests.test_retired_slug_and_duplicate_ids) ... ok
test_snippet_counts_and_semantic_duplicate_do_not_pass (test_scope_preflight.ScopeTests.test_snippet_counts_and_semantic_duplicate_do_not_pass) ... ok
test_training_topic_is_not_media_practice (test_scope_preflight.ScopeTests.test_training_topic_is_not_media_practice) ... ok
test_all_published_metadata (test_seo.SEOTests.test_all_published_metadata) ... ok
test_analytics_disabled_by_default (test_seo.SEOTests.test_analytics_disabled_by_default) ... ok
test_analytics_opt_in (test_seo.SEOTests.test_analytics_opt_in) ... ok
test_analytics_requires_valid_id_and_privacy (test_seo.SEOTests.test_analytics_requires_valid_id_and_privacy) ... ok
test_json_serialization_handles_quotes (test_seo.SEOTests.test_json_serialization_handles_quotes) ... ok
test_sitemap (test_seo.SEOTests.test_sitemap) ... ok
test_all_links_and_breadcrumb_schemas (test_site.SiteTests.test_all_links_and_breadcrumb_schemas) ... ok
test_auditor_detects_broken_raw_html_link_and_fragment (test_site.SiteTests.test_auditor_detects_broken_raw_html_link_and_fragment) ... ok
test_breadcrumb_json_is_serialized_not_interpolated (test_site.SiteTests.test_breadcrumb_json_is_serialized_not_interpolated) ... ok
test_home_is_not_duplicated (test_site.SiteTests.test_home_is_not_duplicated) ... ok
test_missing_intermediate_index_is_not_invented (test_site.SiteTests.test_missing_intermediate_index_is_not_invented) ... ok
test_off_nav_deep_leaf (test_site.SiteTests.test_off_nav_deep_leaf) ... ok
test_related_patterns_use_published_equivalents (test_site.SiteTests.test_related_patterns_use_published_equivalents) ... ok
test_section_does_not_link_to_itself (test_site.SiteTests.test_section_does_not_link_to_itself) ... ok
test_templates_and_unapproved_drafts_are_not_published (test_site.SiteTests.test_templates_and_unapproved_drafts_are_not_published) ... ok
test_body_and_metadata_drift_fail (test_video_reference.VideoReferenceTests.test_body_and_metadata_drift_fail) ... ok
test_equal_copies_pass (test_video_reference.VideoReferenceTests.test_equal_copies_pass) ... ok
test_missing_copy_fails (test_video_reference.VideoReferenceTests.test_missing_copy_fails) ... ok
test_repository_copies_match (test_video_reference.VideoReferenceTests.test_repository_copies_match) ... ok
test_approved_cta_preserved_except_superseded_pointer (test_website_hub_supersession.WebsiteHubSupersessionTests.test_approved_cta_preserved_except_superseded_pointer) ... ok
test_archive_and_no_duplicate (test_website_hub_supersession.WebsiteHubSupersessionTests.test_archive_and_no_duplicate) ... ok
test_score_and_new_section_parity (test_website_hub_supersession.WebsiteHubSupersessionTests.test_score_and_new_section_parity) ... ok

----------------------------------------------------------------------
Ran 109 tests in 61.506s

OK
